\BOOKMARK [1][-]{section.1}{\376\377\000\332\000v\000o\000d}{}% 1
\BOOKMARK [2][-]{subsection.1.1}{\376\377\000P\000o\000u\001\176\000i\000t\000\351\000\040\000t\000e\000c\000h\000n\000o\000l\000\363\000g\000i\000e}{section.1}% 2
\BOOKMARK [2][-]{subsection.1.2}{\376\377\000D\000a\000t\000a\000s\000e\000t}{section.1}% 3
\BOOKMARK [1][-]{section.2}{\376\377\001\014\000a\000s\001\145\000\040\0001\000:\000\040\000E\000x\000p\000l\000o\000r\000a\001\015\000n\000\341\000\040\000d\000\341\000t\000o\000v\000\341\000\040\000a\000n\000a\000l\000\375\000z\000a}{}% 4
\BOOKMARK [2][-]{subsection.2.1}{\376\377\000N\000a\001\015\000\355\000t\000a\000n\000i\000e\000\040\000a\000\040\000a\000n\000a\000l\000\375\000z\000a\000\040\000d\000\341\000t}{section.2}% 5
\BOOKMARK [3][-]{subsubsection.2.1.1}{\376\377\001\140\000t\000a\000t\000i\000s\000t\000i\000k\000y\000\040\000c\000i\000e\001\076\000o\000v\000e\000j\000\040\000p\000r\000e\000m\000e\000n\000n\000e\000j\000\040\000I\000r\000r\000a\000d\000i\000a\000n\000c\000e}{subsection.2.1}% 6
\BOOKMARK [3][-]{subsubsection.2.1.2}{\376\377\000V\000i\000z\000u\000a\000l\000i\000z\000\341\000c\000i\000a\000\040\000d\000i\000s\000t\000r\000i\000b\000\372\000c\000i\000e\000\040\000I\000r\000r\000a\000d\000i\000a\000n\000c\000e}{subsection.2.1}% 7
\BOOKMARK [2][-]{subsection.2.2}{\376\377\000D\000i\000s\000t\000r\000i\000b\000\372\000c\000i\000a\000\040\001\176\000i\000a\000r\000e\000n\000i\000a\000\040\000p\000o\000d\001\076\000a\000\040\000m\000e\000s\000i\000a\000c\000o\000v}{section.2}% 8
\BOOKMARK [2][-]{subsection.2.3}{\376\377\000U\000k\000\341\001\176\000k\000y\000\040\000o\000b\000r\000\341\000z\000k\000o\000v}{section.2}% 9
\BOOKMARK [3][-]{subsubsection.2.3.1}{\376\377\000N\000\341\000h\000o\000d\000n\000\351\000\040\000v\000z\000o\000r\000k\000y\000\040\000o\000b\000r\000\341\000z\000k\000o\000v}{subsection.2.3}% 10
\BOOKMARK [3][-]{subsubsection.2.3.2}{\376\377\000O\000b\000r\000\341\000z\000k\000y\000\040\000s\000\040\000n\000\355\000z\000k\000y\000m\000\040\000a\000\040\000v\000y\000s\000o\000k\000\375\000m\000\040\001\176\000i\000a\000r\000e\000n\000\355\000m}{subsection.2.3}% 11
\BOOKMARK [2][-]{subsection.2.4}{\376\377\000K\000o\000r\000e\000l\000a\001\015\000n\000\341\000\040\000a\000n\000a\000l\000\375\000z\000a}{section.2}% 12
\BOOKMARK [3][-]{subsubsection.2.4.1}{\376\377\000T\000o\000p\000\040\0001\0000\000\040\000k\000o\000r\000e\000l\000\341\000c\000i\000\355\000\040\000s\000\040\000I\000r\000r\000a\000d\000i\000a\000n\000c\000e}{subsection.2.4}% 13
\BOOKMARK [2][-]{subsection.2.5}{\376\377\000D\000e\000t\000a\000i\000l\000n\000\341\000\040\000a\000n\000a\000l\000\375\000z\000a\000\040\000t\000o\000p\000\040\000f\000e\000a\000t\000u\000r\000e\000s}{section.2}% 14
\BOOKMARK [2][-]{subsection.2.6}{\376\377\000R\000o\000z\000d\000e\000l\000e\000n\000i\000e\000\040\000d\000\341\000t}{section.2}% 15
\BOOKMARK [1][-]{section.3}{\376\377\001\014\000a\000s\001\145\000\040\0002\000:\000\040\000K\000o\000n\000v\000o\000l\000u\001\015\000n\000\351\000\040\000n\000e\000u\000r\000\363\000n\000o\000v\000\351\000\040\000s\000i\000e\000t\000e\000\040\000\050\000C\000N\000N\000\051}{}% 16
\BOOKMARK [2][-]{subsection.3.1}{\376\377\000A\000r\000c\000h\000i\000t\000e\000k\000t\000\372\000r\000a\000\040\000C\000N\000N}{section.3}% 17
\BOOKMARK [2][-]{subsection.3.2}{\376\377\000K\000o\000n\000f\000i\000g\000u\000r\000\341\000c\000i\000e\000\040\000h\000y\000p\000e\000r\000p\000a\000r\000a\000m\000e\000t\000r\000o\000v}{section.3}% 18
\BOOKMARK [2][-]{subsection.3.3}{\376\377\000V\000\375\000s\000l\000e\000d\000k\000y\000\040\000t\000r\000\351\000n\000o\000v\000a\000n\000i\000a\000\040\000C\000N\000N}{section.3}% 19
\BOOKMARK [3][-]{subsubsection.3.3.1}{\376\377\000N\000a\000j\000l\000e\000p\001\141\000i\000a\000\040\000k\000o\000n\000f\000i\000g\000u\000r\000\341\000c\000i\000a}{subsection.3.3}% 20
\BOOKMARK [3][-]{subsubsection.3.3.2}{\376\377\000A\000n\000a\000l\000\375\000z\000a\000\040\000o\000v\000e\000r\000f\000i\000t\000t\000i\000n\000g\000u}{subsection.3.3}% 21
\BOOKMARK [2][-]{subsection.3.4}{\376\377\000H\000i\000s\000t\000\363\000r\000i\000a\000\040\000t\000r\000\351\000n\000o\000v\000a\000n\000i\000a\000\040\000n\000a\000j\000l\000e\000p\001\141\000i\000e\000h\000o\000\040\000m\000o\000d\000e\000l\000u}{section.3}% 22
\BOOKMARK [2][-]{subsection.3.5}{\376\377\000A\000n\000a\000l\000\375\000z\000a\000\040\000r\000e\000z\000i\000d\000u\000\341\000l\000o\000v}{section.3}% 23
\BOOKMARK [2][-]{subsection.3.6}{\376\377\000P\000o\000r\000o\000v\000n\000a\000n\000i\000e\000\040\000p\000r\000e\000d\000i\000k\000c\000i\000\355}{section.3}% 24
\BOOKMARK [2][-]{subsection.3.7}{\376\377\000V\000i\000z\000u\000a\000l\000i\000z\000\341\000c\000i\000a\000\040\000k\000o\000n\000v\000o\000l\000u\001\015\000n\000\375\000c\000h\000\040\000f\000i\000l\000t\000r\000o\000v}{section.3}% 25
\BOOKMARK [2][-]{subsection.3.8}{\376\377\000B\000o\000n\000u\000s\000:\000\040\000T\000e\000s\000t\000o\000v\000a\000n\000i\000e\000\040\000n\000a\000\040\000v\000l\000a\000s\000t\000n\000\375\000c\000h\000\040\000o\000b\000r\000\341\000z\000k\000o\000c\000h}{section.3}% 26
\BOOKMARK [2][-]{subsection.3.9}{\376\377\000B\000o\000n\000u\000s\000:\000\040\000P\000r\000e\000d\000i\000k\000c\000i\000a\000\040\001\176\000i\000a\000r\000e\000n\000i\000a\000\040\000o\000\040\0001\0005\000\040\000m\000i\000n\000\372\000t}{section.3}% 27
\BOOKMARK [1][-]{section.4}{\376\377\001\014\000a\000s\001\145\000\040\0003\000:\000\040\000T\000r\000a\000n\000s\000f\000e\000r\000\040\000L\000e\000a\000r\000n\000i\000n\000g\000\040\000a\000\040\000z\000h\000l\000u\000k\000o\000v\000a\000n\000i\000e}{}% 28
\BOOKMARK [2][-]{subsection.4.1}{\376\377\000E\000x\000t\000r\000a\000k\000c\000i\000a\000\040\000p\000r\000\355\000z\000n\000a\000k\000o\000v\000\040\000p\000o\000m\000o\000c\000o\000u\000\040\000M\000o\000b\000i\000l\000e\000N\000e\000t\000V\0002}{section.4}% 29
\BOOKMARK [3][-]{subsubsection.4.1.1}{\376\377\000R\000e\000d\000u\000k\000c\000i\000a\000\040\000d\000i\000m\000e\000n\000z\000i\000e\000\040\000p\000o\000m\000o\000c\000o\000u\000\040\000P\000C\000A}{subsection.4.1}% 30
\BOOKMARK [2][-]{subsection.4.2}{\376\377\000Z\000h\000l\000u\000k\000o\000v\000a\000n\000i\000e\000\040\000p\000o\000m\000o\000c\000o\000u\000\040\000K\000-\000M\000e\000a\000n\000s}{section.4}% 31
\BOOKMARK [3][-]{subsubsection.4.2.1}{\376\377\000V\000\375\000b\000e\000r\000\040\000o\000p\000t\000i\000m\000\341\000l\000n\000e\000h\000o\000\040\000p\000o\001\015\000t\000u\000\040\000z\000h\000l\000u\000k\000o\000v}{subsection.4.2}% 32
\BOOKMARK [3][-]{subsubsection.4.2.2}{\376\377\000V\000i\000z\000u\000a\000l\000i\000z\000\341\000c\000i\000a\000\040\000z\000h\000l\000u\000k\000o\000v\000\040\000\050\000t\000-\000S\000N\000E\000\051}{subsection.4.2}% 33
\BOOKMARK [3][-]{subsubsection.4.2.3}{\376\377\000P\000r\000i\000e\000m\000e\000r\000n\000\351\000\040\000o\000b\000r\000\341\000z\000k\000y\000\040\000p\000r\000e\000\040\000k\000a\001\176\000d\000\375\000\040\000z\000h\000l\000u\000k}{subsection.4.2}% 34
\BOOKMARK [3][-]{subsubsection.4.2.4}{\376\377\000D\000i\000s\000t\000r\000i\000b\000\372\000c\000i\000a\000\040\000I\000r\000r\000a\000d\000i\000a\000n\000c\000e\000\040\000p\000o\000d\001\076\000a\000\040\000z\000h\000l\000u\000k\000o\000v}{subsection.4.2}% 35
\BOOKMARK [2][-]{subsection.4.3}{\376\377\000T\000r\000a\000n\000s\000f\000e\000r\000\040\000L\000e\000a\000r\000n\000i\000n\000g\000\040\000-\000\040\000S\000t\000a\000c\000k\000i\000n\000g\000\040\000E\000n\000s\000e\000m\000b\000l\000e}{section.4}% 36
\BOOKMARK [3][-]{subsubsection.4.3.1}{\376\377\000V\000s\000t\000u\000p\000y\000\040\000m\000o\000d\000e\000l\000u}{subsection.4.3}% 37
\BOOKMARK [3][-]{subsubsection.4.3.2}{\376\377\000V\000\375\000s\000l\000e\000d\000k\000y\000\040\000T\000r\000a\000n\000s\000f\000e\000r\000\040\000L\000e\000a\000r\000n\000i\000n\000g}{subsection.4.3}% 38
\BOOKMARK [2][-]{subsection.4.4}{\376\377\000P\000o\000r\000o\000v\000n\000a\000n\000i\000e\000\040\000C\000N\000N\000\040\000v\000s\000.\000\040\000T\000r\000a\000n\000s\000f\000e\000r\000\040\000L\000e\000a\000r\000n\000i\000n\000g}{section.4}% 39
\BOOKMARK [2][-]{subsection.4.5}{\376\377\000V\000i\000z\000u\000a\000l\000i\000z\000\341\000c\000i\000a\000\040\000v\000\375\000s\000l\000e\000d\000k\000o\000v\000\040\000T\000r\000a\000n\000s\000f\000e\000r\000\040\000L\000e\000a\000r\000n\000i\000n\000g}{section.4}% 40
\BOOKMARK [2][-]{subsection.4.6}{\376\377\000A\000n\000a\000l\000\375\000z\000a\000\040\000n\000a\000j\000h\000o\000r\001\141\000\355\000c\000h\000\040\000p\000r\000e\000d\000i\000k\000c\000i\000\355}{section.4}% 41
\BOOKMARK [2][-]{subsection.4.7}{\376\377\000B\000o\000n\000u\000s\000:\000\040\000F\000\372\000z\000i\000a\000\040\000m\000o\000d\000e\000l\000o\000v}{section.4}% 42
\BOOKMARK [1][-]{section.5}{\376\377\000Z\000\341\000v\000e\000r}{}% 43
\BOOKMARK [2][-]{subsection.5.1}{\376\377\000Z\000h\000r\000n\000u\000t\000i\000e\000\040\000v\000\375\000s\000l\000e\000d\000k\000o\000v}{section.5}% 44
\BOOKMARK [2][-]{subsection.5.2}{\376\377\000F\000i\000n\000\341\000l\000n\000e\000\040\000p\000o\000r\000o\000v\000n\000a\000n\000i\000e\000\040\000m\000o\000d\000e\000l\000o\000v}{section.5}% 45
