This is pdfTeX, Version 3.141592653-2.6-1.40.28 (TeX Live 2025) (preloaded format=pdflatex 2025.10.13)  3 DEC 2025 22:36
entering extended mode
 restricted \write18 enabled.
 file:line:error style messages enabled.
 %&-line parsing enabled.
**c:/Users/pmuzslay/suns_z3/docs/results
(c:/Users/pmuzslay/suns_z3/docs/results.tex
LaTeX2e <2025-06-01> patch level 1
L3 programming layer <2025-09-02>
(c:/texlive/2025/texmf-dist/tex/latex/base/article.cls
Document Class: article 2025/01/22 v1.4n Standard LaTeX document class
(c:/texlive/2025/texmf-dist/tex/latex/base/size12.clo
File: size12.clo 2025/01/22 v1.4n Standard LaTeX file (size option)
)
\c@part=\count275
\c@section=\count276
\c@subsection=\count277
\c@subsubsection=\count278
\c@paragraph=\count279
\c@subparagraph=\count280
\c@figure=\count281
\c@table=\count282
\abovecaptionskip=\skip49
\belowcaptionskip=\skip50
\bibindent=\dimen148
) (c:/texlive/2025/texmf-dist/tex/latex/base/inputenc.sty
Package: inputenc 2024/02/08 v1.3d Input encoding file
\inpenc@prehook=\toks17
\inpenc@posthook=\toks18
) (c:/texlive/2025/texmf-dist/tex/latex/base/fontenc.sty
Package: fontenc 2024/12/21 v2.1c Standard LaTeX package
) (c:/texlive/2025/texmf-dist/tex/generic/babel/babel.sty
Package: babel 2025/10/01 v25.13 The multilingual framework for LuaLaTeX, pdfLaTeX and XeLaTeX
\babel@savecnt=\count283
LaTeX Encoding Info:    Redeclaring text command \ij (encoding OT1) on input line 2045.
LaTeX Encoding Info:    Redeclaring text command \IJ (encoding OT1) on input line 2047.
LaTeX Encoding Info:    Redeclaring text command \ij (encoding T1) on input line 2049.
LaTeX Encoding Info:    Redeclaring text command \IJ (encoding T1) on input line 2050.
LaTeX Encoding Info:    Ignoring declaration for text command \ij (encoding ?) on input line 2051.
LaTeX Encoding Info:    Ignoring declaration for text command \IJ (encoding ?) on input line 2053.
LaTeX Encoding Info:    Ignoring declaration for text command \SS (encoding ?) on input line 2078.
\U@D=\dimen149
\l@unhyphenated=\language90
 (c:/texlive/2025/texmf-dist/tex/generic/babel/txtbabel.def)
\bbl@readstream=\read2
\bbl@dirlevel=\count284
 (c:/texlive/2025/texmf-dist/tex/generic/babel-slovak/slovak.ldf
Language: slovak 2008/07/06 v3.1a Slovak support from the babel system
 (c:/texlive/2025/texmf-dist/tex/generic/babel/locale/sk/babel-slovak.tex
Package babel Info: Importing font and identification data for slovak
(babel)             from babel-sk.ini. Reported on input line 12.
)
Package babel Info: Making ^ an active character on input line 123.
Package babel Info: Making " an active character on input line 126.
Package babel Info: Making ' an active character on input line 129.
\cs@wordlen=\count285
Package babel Info: Making - an active character on input line 294.
)) (c:/texlive/2025/texmf-dist/tex/latex/geometry/geometry.sty
Package: geometry 2020/01/02 v5.9 Page Geometry
 (c:/texlive/2025/texmf-dist/tex/latex/graphics/keyval.sty
Package: keyval 2022/05/29 v1.15 key=value parser (DPC)
\KV@toks@=\toks19
) (c:/texlive/2025/texmf-dist/tex/generic/iftex/ifvtex.sty
Package: ifvtex 2019/10/25 v1.7 ifvtex legacy package. Use iftex instead.
 (c:/texlive/2025/texmf-dist/tex/generic/iftex/iftex.sty
Package: iftex 2024/12/12 v1.0g TeX engine tests
))
\Gm@cnth=\count286
\Gm@cntv=\count287
\c@Gm@tempcnt=\count288
\Gm@bindingoffset=\dimen150
\Gm@wd@mp=\dimen151
\Gm@odd@mp=\dimen152
\Gm@even@mp=\dimen153
\Gm@layoutwidth=\dimen154
\Gm@layoutheight=\dimen155
\Gm@layouthoffset=\dimen156
\Gm@layoutvoffset=\dimen157
\Gm@dimlist=\toks20
) (c:/texlive/2025/texmf-dist/tex/latex/graphics/graphicx.sty
Package: graphicx 2024/12/31 v1.2e Enhanced LaTeX Graphics (DPC,SPQR)
 (c:/texlive/2025/texmf-dist/tex/latex/graphics/graphics.sty
Package: graphics 2024/08/06 v1.4g Standard LaTeX Graphics (DPC,SPQR)
 (c:/texlive/2025/texmf-dist/tex/latex/graphics/trig.sty
Package: trig 2023/12/02 v1.11 sin cos tan (DPC)
) (c:/texlive/2025/texmf-dist/tex/latex/graphics-cfg/graphics.cfg
File: graphics.cfg 2016/06/04 v1.11 sample graphics configuration
)
Package graphics Info: Driver file: pdftex.def on input line 106.
 (c:/texlive/2025/texmf-dist/tex/latex/graphics-def/pdftex.def
File: pdftex.def 2025/09/29 v1.2d Graphics/color driver for pdftex
))
\Gin@req@height=\dimen158
\Gin@req@width=\dimen159
) (c:/texlive/2025/texmf-dist/tex/latex/svg/svg.sty
Package: svg 2020/11/26 v2.02k (include SVG pictures)
 (c:/texlive/2025/texmf-dist/tex/latex/koma-script/scrbase.sty
Package: scrbase 2025/09/09 v3.48 KOMA-Script package (KOMA-Script-independent basics and keyval usage)
 (c:/texlive/2025/texmf-dist/tex/latex/koma-script/scrlfile.sty
Package: scrlfile 2025/09/09 v3.48 KOMA-Script package (file load hooks)
 (c:/texlive/2025/texmf-dist/tex/latex/koma-script/scrlfile-hook.sty
Package: scrlfile-hook 2025/09/09 v3.48 KOMA-Script package (using LaTeX hooks)
 (c:/texlive/2025/texmf-dist/tex/latex/koma-script/scrlogo.sty
Package: scrlogo 2025/09/09 v3.48 KOMA-Script package (logo)
)))
Applying: [2021/05/01] Usage of raw or classic option list on input line 254.
Already applied: [0000/00/00] Usage of raw or classic option list on input line 370.
) (c:/texlive/2025/texmf-dist/tex/generic/pdftexcmds/pdftexcmds.sty
Package: pdftexcmds 2020-06-27 v0.33 Utility functions of pdfTeX for LuaTeX (HO)
 (c:/texlive/2025/texmf-dist/tex/generic/infwarerr/infwarerr.sty
Package: infwarerr 2019/12/03 v1.5 Providing info/warning/error messages (HO)
) (c:/texlive/2025/texmf-dist/tex/generic/ltxcmds/ltxcmds.sty
Package: ltxcmds 2023-12-04 v1.26 LaTeX kernel commands for general use (HO)
)
Package pdftexcmds Info: \pdf@primitive is available.
Package pdftexcmds Info: \pdf@ifprimitive is available.
Package pdftexcmds Info: \pdfdraftmode found.
) (c:/texlive/2025/texmf-dist/tex/latex/trimspaces/trimspaces.sty
Package: trimspaces 2009/09/17 v1.1 Trim spaces around a token list
) (c:/texlive/2025/texmf-dist/tex/latex/tools/shellesc.sty
Package: shellesc 2023/07/08 v1.0d unified shell escape interface for LaTeX
Package shellesc Info: Restricted shell escape enabled on input line 77.
)
\c@svg@param@lastpage=\count289
\svg@box=\box53
\c@svg@param@currpage=\count290
) (c:/texlive/2025/texmf-dist/tex/latex/xcolor/xcolor.sty
Package: xcolor 2024/09/29 v3.02 LaTeX color extensions (UK)
 (c:/texlive/2025/texmf-dist/tex/latex/graphics-cfg/color.cfg
File: color.cfg 2016/01/02 v1.6 sample color configuration
)
Package xcolor Info: Driver file: pdftex.def on input line 274.
 (c:/texlive/2025/texmf-dist/tex/latex/graphics/mathcolor.ltx)
Package xcolor Info: Model `cmy' substituted by `cmy0' on input line 1349.
Package xcolor Info: Model `hsb' substituted by `rgb' on input line 1353.
Package xcolor Info: Model `RGB' extended on input line 1365.
Package xcolor Info: Model `HTML' substituted by `rgb' on input line 1367.
Package xcolor Info: Model `Hsb' substituted by `hsb' on input line 1368.
Package xcolor Info: Model `tHsb' substituted by `hsb' on input line 1369.
Package xcolor Info: Model `HSB' substituted by `hsb' on input line 1370.
Package xcolor Info: Model `Gray' substituted by `gray' on input line 1371.
Package xcolor Info: Model `wave' substituted by `hsb' on input line 1372.
) (c:/texlive/2025/texmf-dist/tex/latex/transparent/transparent.sty
Package: transparent 2025-06-23 v1.6 Transparency with color stacks
 (c:/texlive/2025/texmf-dist/tex/latex/transparent/transparent-nometadata.sty
Package: transparent-nometadata 2025-06-23 v1.6 Transparency via pdfTeX's color stack (HO)
 (c:/texlive/2025/texmf-dist/tex/latex/auxhook/auxhook.sty
Package: auxhook 2019-12-17 v1.6 Hooks for auxiliary files (HO)
))) (c:/texlive/2025/texmf-dist/tex/latex/pgf/systemlayer/pgfsys.sty (c:/texlive/2025/texmf-dist/tex/latex/pgf/utilities/pgfrcs.sty (c:/texlive/2025/texmf-dist/tex/generic/pgf/utilities/pgfutil-common.tex
\pgfutil@everybye=\toks21
\pgfutil@tempdima=\dimen160
\pgfutil@tempdimb=\dimen161
) (c:/texlive/2025/texmf-dist/tex/generic/pgf/utilities/pgfutil-latex.def
\pgfutil@abb=\box54
) (c:/texlive/2025/texmf-dist/tex/generic/pgf/utilities/pgfrcs.code.tex (c:/texlive/2025/texmf-dist/tex/generic/pgf/pgf.revision.tex)
Package: pgfrcs 2025-08-29 v3.1.11a (3.1.11a)
)) (c:/texlive/2025/texmf-dist/tex/generic/pgf/systemlayer/pgfsys.code.tex
Package: pgfsys 2025-08-29 v3.1.11a (3.1.11a)
 (c:/texlive/2025/texmf-dist/tex/generic/pgf/utilities/pgfkeys.code.tex
\pgfkeys@pathtoks=\toks22
\pgfkeys@temptoks=\toks23
 (c:/texlive/2025/texmf-dist/tex/generic/pgf/utilities/pgfkeyslibraryfiltered.code.tex
\pgfkeys@tmptoks=\toks24
))
\pgf@x=\dimen162
\pgf@y=\dimen163
\pgf@xa=\dimen164
\pgf@ya=\dimen165
\pgf@xb=\dimen166
\pgf@yb=\dimen167
\pgf@xc=\dimen168
\pgf@yc=\dimen169
\pgf@xd=\dimen170
\pgf@yd=\dimen171
\w@pgf@writea=\write3
\r@pgf@reada=\read3
\c@pgf@counta=\count291
\c@pgf@countb=\count292
\c@pgf@countc=\count293
\c@pgf@countd=\count294
\t@pgf@toka=\toks25
\t@pgf@tokb=\toks26
\t@pgf@tokc=\toks27
\pgf@sys@id@count=\count295
 (c:/texlive/2025/texmf-dist/tex/generic/pgf/systemlayer/pgf.cfg
File: pgf.cfg 2025-08-29 v3.1.11a (3.1.11a)
)
Driver file for pgf: pgfsys-pdftex.def
 (c:/texlive/2025/texmf-dist/tex/generic/pgf/systemlayer/pgfsys-pdftex.def
File: pgfsys-pdftex.def 2025-08-29 v3.1.11a (3.1.11a)
 (c:/texlive/2025/texmf-dist/tex/generic/pgf/systemlayer/pgfsys-common-pdf.def
File: pgfsys-common-pdf.def 2025-08-29 v3.1.11a (3.1.11a)
))) (c:/texlive/2025/texmf-dist/tex/generic/pgf/systemlayer/pgfsyssoftpath.code.tex
File: pgfsyssoftpath.code.tex 2025-08-29 v3.1.11a (3.1.11a)
\pgfsyssoftpath@smallbuffer@items=\count296
\pgfsyssoftpath@bigbuffer@items=\count297
) (c:/texlive/2025/texmf-dist/tex/generic/pgf/systemlayer/pgfsysprotocol.code.tex
File: pgfsysprotocol.code.tex 2025-08-29 v3.1.11a (3.1.11a)
)) (c:/texlive/2025/texmf-dist/tex/latex/url/url.sty
\Urlmuskip=\muskip17
Package: url 2013/09/16  ver 3.4  Verb mode for urls, etc.
) (c:/texlive/2025/texmf-dist/tex/latex/listings/listings.sty
\lst@mode=\count298
\lst@gtempboxa=\box55
\lst@token=\toks28
\lst@length=\count299
\lst@currlwidth=\dimen172
\lst@column=\count300
\lst@pos=\count301
\lst@lostspace=\dimen173
\lst@width=\dimen174
\lst@newlines=\count302
\lst@lineno=\count303
\lst@maxwidth=\dimen175
 (c:/texlive/2025/texmf-dist/tex/latex/listings/lstpatch.sty
File: lstpatch.sty 2024/09/23 1.10c (Carsten Heinz)
) (c:/texlive/2025/texmf-dist/tex/latex/listings/lstmisc.sty
File: lstmisc.sty 2024/09/23 1.10c (Carsten Heinz)
\c@lstnumber=\count304
\lst@skipnumbers=\count305
\lst@framebox=\box56
) (c:/texlive/2025/texmf-dist/tex/latex/listings/listings.cfg
File: listings.cfg 2024/09/23 1.10c listings configuration
))
Package: listings 2024/09/23 1.10c (Carsten Heinz)
 (c:/texlive/2025/texmf-dist/tex/latex/amsmath/amsmath.sty
Package: amsmath 2025/06/16 v2.17y AMS math features
\@mathmargin=\skip51

For additional information on amsmath, use the `?' option.
(c:/texlive/2025/texmf-dist/tex/latex/amsmath/amstext.sty
Package: amstext 2024/11/17 v2.01 AMS text
 (c:/texlive/2025/texmf-dist/tex/latex/amsmath/amsgen.sty
File: amsgen.sty 1999/11/30 v2.0 generic functions
\@emptytoks=\toks29
\ex@=\dimen176
)) (c:/texlive/2025/texmf-dist/tex/latex/amsmath/amsbsy.sty
Package: amsbsy 1999/11/29 v1.2d Bold Symbols
\pmbraise@=\dimen177
) (c:/texlive/2025/texmf-dist/tex/latex/amsmath/amsopn.sty
Package: amsopn 2022/04/08 v2.04 operator names
)
\inf@bad=\count306
LaTeX Info: Redefining \frac on input line 233.
\uproot@=\count307
\leftroot@=\count308
LaTeX Info: Redefining \overline on input line 398.
LaTeX Info: Redefining \colon on input line 409.
\classnum@=\count309
\DOTSCASE@=\count310
LaTeX Info: Redefining \ldots on input line 495.
LaTeX Info: Redefining \dots on input line 498.
LaTeX Info: Redefining \cdots on input line 619.
\Mathstrutbox@=\box57
\strutbox@=\box58
LaTeX Info: Redefining \big on input line 721.
LaTeX Info: Redefining \Big on input line 722.
LaTeX Info: Redefining \bigg on input line 723.
LaTeX Info: Redefining \Bigg on input line 724.
\big@size=\dimen178
LaTeX Font Info:    Redeclaring font encoding OML on input line 742.
LaTeX Font Info:    Redeclaring font encoding OMS on input line 743.
\macc@depth=\count311
LaTeX Info: Redefining \bmod on input line 904.
LaTeX Info: Redefining \pmod on input line 909.
LaTeX Info: Redefining \smash on input line 939.
LaTeX Info: Redefining \relbar on input line 969.
LaTeX Info: Redefining \Relbar on input line 970.
\c@MaxMatrixCols=\count312
\dotsspace@=\muskip18
\c@parentequation=\count313
\dspbrk@lvl=\count314
\tag@help=\toks30
\row@=\count315
\column@=\count316
\maxfields@=\count317
\andhelp@=\toks31
\eqnshift@=\dimen179
\alignsep@=\dimen180
\tagshift@=\dimen181
\tagwidth@=\dimen182
\totwidth@=\dimen183
\lineht@=\dimen184
\@envbody=\toks32
\multlinegap=\skip52
\multlinetaggap=\skip53
\mathdisplay@stack=\toks33
LaTeX Info: Redefining \[ on input line 2949.
LaTeX Info: Redefining \] on input line 2950.
) (c:/texlive/2025/texmf-dist/tex/latex/hyperref/hyperref.sty
Package: hyperref 2025-07-12 v7.01o Hypertext links for LaTeX
 (c:/texlive/2025/texmf-dist/tex/latex/kvsetkeys/kvsetkeys.sty
Package: kvsetkeys 2022-10-05 v1.19 Key value parser (HO)
) (c:/texlive/2025/texmf-dist/tex/generic/kvdefinekeys/kvdefinekeys.sty
Package: kvdefinekeys 2019-12-19 v1.6 Define keys (HO)
) (c:/texlive/2025/texmf-dist/tex/generic/pdfescape/pdfescape.sty
Package: pdfescape 2019/12/09 v1.15 Implements pdfTeX's escape features (HO)
) (c:/texlive/2025/texmf-dist/tex/latex/hycolor/hycolor.sty
Package: hycolor 2020-01-27 v1.10 Color options for hyperref/bookmark (HO)
) (c:/texlive/2025/texmf-dist/tex/latex/hyperref/nameref.sty
Package: nameref 2025-06-21 v2.57 Cross-referencing by name of section
 (c:/texlive/2025/texmf-dist/tex/latex/refcount/refcount.sty
Package: refcount 2019/12/15 v3.6 Data extraction from label references (HO)
) (c:/texlive/2025/texmf-dist/tex/generic/gettitlestring/gettitlestring.sty
Package: gettitlestring 2019/12/15 v1.6 Cleanup title references (HO)
 (c:/texlive/2025/texmf-dist/tex/latex/kvoptions/kvoptions.sty
Package: kvoptions 2022-06-15 v3.15 Key value format for package options (HO)
))
\c@section@level=\count318
) (c:/texlive/2025/texmf-dist/tex/latex/etoolbox/etoolbox.sty
Package: etoolbox 2025/10/02 v2.5m e-TeX tools for LaTeX (JAW)
\etb@tempcnta=\count319
) (c:/texlive/2025/texmf-dist/tex/generic/stringenc/stringenc.sty
Package: stringenc 2019/11/29 v1.12 Convert strings between diff. encodings (HO)
)
\@linkdim=\dimen185
\Hy@linkcounter=\count320
\Hy@pagecounter=\count321
 (c:/texlive/2025/texmf-dist/tex/latex/hyperref/pd1enc.def
File: pd1enc.def 2025-07-12 v7.01o Hyperref: PDFDocEncoding definition (HO)
Now handling font encoding PD1 ...
... no UTF-8 mapping file for font encoding PD1
) (c:/texlive/2025/texmf-dist/tex/generic/intcalc/intcalc.sty
Package: intcalc 2019/12/15 v1.3 Expandable calculations with integers (HO)
)
\Hy@SavedSpaceFactor=\count322
 (c:/texlive/2025/texmf-dist/tex/latex/hyperref/puenc.def
File: puenc.def 2025-07-12 v7.01o Hyperref: PDF Unicode definition (HO)
Now handling font encoding PU ...
... no UTF-8 mapping file for font encoding PU
)
Package hyperref Info: Option `breaklinks' set `true' on input line 4066.
Package hyperref Info: Hyper figures OFF on input line 4195.
Package hyperref Info: Link nesting OFF on input line 4200.
Package hyperref Info: Hyper index ON on input line 4203.
Package hyperref Info: Plain pages OFF on input line 4210.
Package hyperref Info: Backreferencing OFF on input line 4215.
Package hyperref Info: Implicit mode ON; LaTeX internals redefined.
Package hyperref Info: Bookmarks ON on input line 4462.
\c@Hy@tempcnt=\count323
LaTeX Info: Redefining \url on input line 4801.
\XeTeXLinkMargin=\dimen186
 (c:/texlive/2025/texmf-dist/tex/generic/bitset/bitset.sty
Package: bitset 2019/12/09 v1.3 Handle bit-vector datatype (HO)
 (c:/texlive/2025/texmf-dist/tex/generic/bigintcalc/bigintcalc.sty
Package: bigintcalc 2019/12/15 v1.5 Expandable calculations on big integers (HO)
))
\Fld@menulength=\count324
\Field@Width=\dimen187
\Fld@charsize=\dimen188
Package hyperref Info: Hyper figures OFF on input line 6078.
Package hyperref Info: Link nesting OFF on input line 6083.
Package hyperref Info: Hyper index ON on input line 6086.
Package hyperref Info: backreferencing OFF on input line 6093.
Package hyperref Info: Link coloring OFF on input line 6098.
Package hyperref Info: Link coloring with OCG OFF on input line 6103.
Package hyperref Info: PDF/A mode OFF on input line 6108.
\Hy@abspage=\count325
\c@Item=\count326
\c@Hfootnote=\count327
)
Package hyperref Info: Driver (autodetected): hpdftex.
 (c:/texlive/2025/texmf-dist/tex/latex/hyperref/hpdftex.def
File: hpdftex.def 2025-07-12 v7.01o Hyperref driver for pdfTeX
\Fld@listcount=\count328
\c@bookmark@seq@number=\count329
 (c:/texlive/2025/texmf-dist/tex/latex/rerunfilecheck/rerunfilecheck.sty
Package: rerunfilecheck 2025-06-21 v1.11 Rerun checks for auxiliary files (HO)
 (c:/texlive/2025/texmf-dist/tex/generic/uniquecounter/uniquecounter.sty
Package: uniquecounter 2019/12/15 v1.4 Provide unlimited unique counter (HO)
)
Package uniquecounter Info: New unique counter `rerunfilecheck' on input line 284.
)
\Hy@SectionHShift=\skip54
) (c:/texlive/2025/texmf-dist/tex/latex/booktabs/booktabs.sty
Package: booktabs 2020/01/12 v1.61803398 Publication quality tables
\heavyrulewidth=\dimen189
\lightrulewidth=\dimen190
\cmidrulewidth=\dimen191
\belowrulesep=\dimen192
\belowbottomsep=\dimen193
\aboverulesep=\dimen194
\abovetopsep=\dimen195
\cmidrulesep=\dimen196
\cmidrulekern=\dimen197
\defaultaddspace=\dimen198
\@cmidla=\count330
\@cmidlb=\count331
\@aboverulesep=\dimen199
\@belowrulesep=\dimen256
\@thisruleclass=\count332
\@lastruleclass=\count333
\@thisrulewidth=\dimen257
) (c:/texlive/2025/texmf-dist/tex/latex/multirow/multirow.sty
Package: multirow 2024/11/12 v2.9 Span multiple rows of a table
\multirow@colwidth=\skip55
\multirow@cntb=\count334
\multirow@dima=\skip56
\bigstrutjot=\dimen258
) (c:/texlive/2025/texmf-dist/tex/latex/float/float.sty
Package: float 2001/11/08 v1.3d Float enhancements (AL)
\c@float@type=\count335
\float@exts=\toks34
\float@box=\box59
\@float@everytoks=\toks35
\@floatcapt=\box60
) (c:/texlive/2025/texmf-dist/tex/latex/caption/subcaption.sty
Package: subcaption 2023/07/28 v1.6b Sub-captions (AR)
 (c:/texlive/2025/texmf-dist/tex/latex/caption/caption.sty
Package: caption 2023/08/05 v3.6o Customizing captions (AR)
 (c:/texlive/2025/texmf-dist/tex/latex/caption/caption3.sty
Package: caption3 2023/07/31 v2.4d caption3 kernel (AR)
\caption@tempdima=\dimen259
\captionmargin=\dimen260
\caption@leftmargin=\dimen261
\caption@rightmargin=\dimen262
\caption@width=\dimen263
\caption@indent=\dimen264
\caption@parindent=\dimen265
\caption@hangindent=\dimen266
Package caption Info: Standard document class detected.
)
\c@caption@flags=\count336
\c@continuedfloat=\count337
Package caption Info: float package is loaded.
Package caption Info: hyperref package is loaded.
Package caption Info: listings package is loaded.
)
Package caption Info: New subtype `subfigure' on input line 238.
\c@subfigure=\count338
Package caption Info: New subtype `subtable' on input line 238.
\c@subtable=\count339
) (c:/texlive/2025/texmf-dist/tex/latex/l3backend/l3backend-pdftex.def
File: l3backend-pdftex.def 2025-06-09 L3 backend support: PDF output (pdfTeX)
\l__color_backend_stack_int=\count340
) (./results.aux
Package babel Info: 'slovak' activates 'slovak' shorthands.
(babel)             Reported on input line 12.
)
\openout1 = `results.aux'.

LaTeX Font Info:    Checking defaults for OML/cmm/m/it on input line 39.
LaTeX Font Info:    ... okay on input line 39.
LaTeX Font Info:    Checking defaults for OMS/cmsy/m/n on input line 39.
LaTeX Font Info:    ... okay on input line 39.
LaTeX Font Info:    Checking defaults for OT1/cmr/m/n on input line 39.
LaTeX Font Info:    ... okay on input line 39.
LaTeX Font Info:    Checking defaults for T1/cmr/m/n on input line 39.
LaTeX Font Info:    ... okay on input line 39.
LaTeX Font Info:    Checking defaults for TS1/cmr/m/n on input line 39.
LaTeX Font Info:    ... okay on input line 39.
LaTeX Font Info:    Checking defaults for OMX/cmex/m/n on input line 39.
LaTeX Font Info:    ... okay on input line 39.
LaTeX Font Info:    Checking defaults for U/cmr/m/n on input line 39.
LaTeX Font Info:    ... okay on input line 39.
LaTeX Font Info:    Checking defaults for PD1/pdf/m/n on input line 39.
LaTeX Font Info:    ... okay on input line 39.
LaTeX Font Info:    Checking defaults for PU/pdf/m/n on input line 39.
LaTeX Font Info:    ... okay on input line 39.

*geometry* driver: auto-detecting
*geometry* detected driver: pdftex
*geometry* verbose mode - [ preamble ] result:
* driver: pdftex
* paper: a4paper
* layout: <same size as paper>
* layoutoffset:(h,v)=(0.0pt,0.0pt)
* modes: 
* h-part:(L,W,R)=(71.13188pt, 455.24411pt, 71.13188pt)
* v-part:(T,H,B)=(71.13188pt, 702.78308pt, 71.13188pt)
* \paperwidth=597.50787pt
* \paperheight=845.04684pt
* \textwidth=455.24411pt
* \textheight=702.78308pt
* \oddsidemargin=-1.1381pt
* \evensidemargin=-1.1381pt
* \topmargin=-38.1381pt
* \headheight=12.0pt
* \headsep=25.0pt
* \topskip=12.0pt
* \footskip=30.0pt
* \marginparwidth=35.0pt
* \marginparsep=10.0pt
* \columnsep=10.0pt
* \skip\footins=10.8pt plus 4.0pt minus 2.0pt
* \hoffset=0.0pt
* \voffset=0.0pt
* \mag=1000
* \@twocolumnfalse
* \@twosidefalse
* \@mparswitchfalse
* \@reversemarginfalse
* (1in=72.27pt=25.4mm, 1cm=28.453pt)

(c:/texlive/2025/texmf-dist/tex/context/base/mkii/supp-pdf.mkii
[Loading MPS to PDF converter (version 2006.09.02).]
\scratchcounter=\count341
\scratchdimen=\dimen267
\scratchbox=\box61
\nofMPsegments=\count342
\nofMParguments=\count343
\everyMPshowfont=\toks36
\MPscratchCnt=\count344
\MPscratchDim=\dimen268
\MPnumerator=\count345
\makeMPintoPDFobject=\count346
\everyMPtoPDFconversion=\toks37
) (c:/texlive/2025/texmf-dist/tex/latex/epstopdf-pkg/epstopdf-base.sty
Package: epstopdf-base 2020-01-24 v2.11 Base part for package epstopdf
Package epstopdf-base Info: Redefining graphics rule for `.eps' on input line 485.
 (c:/texlive/2025/texmf-dist/tex/latex/latexconfig/epstopdf-sys.cfg
File: epstopdf-sys.cfg 2010/07/13 v1.3 Configuration of (r)epstopdf for TeX Live
))
\c@lstlisting=\count347
Package hyperref Info: Link coloring OFF on input line 39.
 (./results.out) (./results.out)
\@outlinefile=\write4
\openout4 = `results.out'.

Package caption Info: Begin \AtBeginDocument code.
Package caption Info: End \AtBeginDocument code.


[1

{c:/texlive/2025/texmf-var/fonts/map/pdftex/updmap/pdftex.map}{c:/texlive/2025/texmf-dist/fonts/enc/dvips/cm-super/cm-super-t1.enc}] (./results.toc

[2

])
\tf@toc=\write5
\openout5 = `results.toc'.



[3]

[4

{c:/texlive/2025/texmf-dist/fonts/enc/dvips/cm-super/cm-super-ts1.enc}]
<../figures/eda_target_distribution.png, id=262, 1003.5894pt x 352.1958pt>
File: ../figures/eda_target_distribution.png Graphic file (type png)
<use ../figures/eda_target_distribution.png>
Package pdftex.def Info: ../figures/eda_target_distribution.png  used on input line 119.
(pdftex.def)             Requested size: 409.71692pt x 143.78319pt.


[5

 <../figures/eda_target_distribution.png>]
<../figures/eda_monthly_distribution.png, id=271, 859.0494pt x 423.984pt>
File: ../figures/eda_monthly_distribution.png Graphic file (type png)
<use ../figures/eda_monthly_distribution.png>
Package pdftex.def Info: ../figures/eda_monthly_distribution.png  used on input line 137.
(pdftex.def)             Requested size: 432.48051pt x 213.45357pt.


[6

 <../figures/eda_monthly_distribution.png>]
<../figures/eda_sample_images.png, id=278, 1051.7694pt x 718.3638pt>
File: ../figures/eda_sample_images.png Graphic file (type png)
<use ../figures/eda_sample_images.png>
Package pdftex.def Info: ../figures/eda_sample_images.png  used on input line 157.
(pdftex.def)             Requested size: 432.48051pt x 295.38605pt.
<../figures/eda_low_irradiance_samples.png, id=279, 1057.551pt x 369.5406pt>
File: ../figures/eda_low_irradiance_samples.png Graphic file (type png)
<use ../figures/eda_low_irradiance_samples.png>
Package pdftex.def Info: ../figures/eda_low_irradiance_samples.png  used on input line 167.
(pdftex.def)             Requested size: 409.71692pt x 143.1673pt.
<../figures/eda_high_irradiance_samples.png, id=280, 1057.551pt x 369.5406pt>
File: ../figures/eda_high_irradiance_samples.png Graphic file (type png)
<use ../figures/eda_high_irradiance_samples.png>
Package pdftex.def Info: ../figures/eda_high_irradiance_samples.png  used on input line 172.
(pdftex.def)             Requested size: 409.71692pt x 143.1673pt.


[7

 <../figures/eda_sample_images.png>]

[8 <../figures/eda_low_irradiance_samples.png> <../figures/eda_high_irradiance_samples.png>]
<../figures/eda_correlation_matrix.png, id=296, 830.1414pt x 714.5094pt>
File: ../figures/eda_correlation_matrix.png Graphic file (type png)
<use ../figures/eda_correlation_matrix.png>
Package pdftex.def Info: ../figures/eda_correlation_matrix.png  used on input line 193.
(pdftex.def)             Requested size: 509.87117pt x 438.8483pt.

Overfull \hbox (54.62706pt too wide) in paragraph at lines 193--194
 [][] 
 []



[9

 <../figures/eda_correlation_matrix.png>]
<../figures/eda_top_features_scatter.png, id=303, 1292.6694pt x 713.5458pt>
File: ../figures/eda_top_features_scatter.png Graphic file (type png)
<use ../figures/eda_top_features_scatter.png>
Package pdftex.def Info: ../figures/eda_top_features_scatter.png  used on input line 225.
(pdftex.def)             Requested size: 509.87117pt x 281.43921pt.

Overfull \hbox (54.62706pt too wide) in paragraph at lines 225--226
 [][] 
 []



[10 <../figures/eda_top_features_scatter.png>]
<../figures/eda_split_distributions.png, id=311, 1292.6694pt x 352.1958pt>
File: ../figures/eda_split_distributions.png Graphic file (type png)
<use ../figures/eda_split_distributions.png>
Package pdftex.def Info: ../figures/eda_split_distributions.png  used on input line 260.
(pdftex.def)             Requested size: 432.48051pt x 117.83182pt.


[11

 <../figures/eda_split_distributions.png>]
Overfull \hbox (25.22487pt too wide) in paragraph at lines 277--290
 [][] 
 []



[12

]

[13

]
<../figures/training_history_config_5.png, id=336, 1293.8739pt x 714.5094pt>
File: ../figures/training_history_config_5.png Graphic file (type png)
<use ../figures/training_history_config_5.png>
Package pdftex.def Info: ../figures/training_history_config_5.png  used on input line 378.
(pdftex.def)             Requested size: 500.77129pt x 276.54245pt.

Overfull \hbox (45.52718pt too wide) in paragraph at lines 378--379
 [][] 
 []

<../figures/residuals_config_5.png, id=337, 1004.553pt x 714.5094pt>
File: ../figures/residuals_config_5.png Graphic file (type png)
<use ../figures/residuals_config_5.png>
Package pdftex.def Info: ../figures/residuals_config_5.png  used on input line 387.
(pdftex.def)             Requested size: 500.77129pt x 356.18538pt.

Overfull \hbox (45.52718pt too wide) in paragraph at lines 387--388
 [][] 
 []



[14

 <../figures/training_history_config_5.png>]

[15 <../figures/residuals_config_5.png>]
<../figures/predictions_comparison_config_5.png, id=350, 1004.553pt x 425.1885pt>
File: ../figures/predictions_comparison_config_5.png Graphic file (type png)
<use ../figures/predictions_comparison_config_5.png>
Package pdftex.def Info: ../figures/predictions_comparison_config_5.png  used on input line 398.
(pdftex.def)             Requested size: 500.77129pt x 211.95792pt.

Overfull \hbox (45.52718pt too wide) in paragraph at lines 398--399
 [][] 
 []

<../figures/conv_filters_layer_0_config_5.png, id=351, 1068.1506pt x 1065.9825pt>
File: ../figures/conv_filters_layer_0_config_5.png Graphic file (type png)
<use ../figures/conv_filters_layer_0_config_5.png>
Package pdftex.def Info: ../figures/conv_filters_layer_0_config_5.png  used on input line 407.
(pdftex.def)             Requested size: 500.77129pt x 499.7594pt.

Overfull \hbox (45.52718pt too wide) in paragraph at lines 407--408
 [][] 
 []



[16

 <../figures/predictions_comparison_config_5.png>]

[17 <../figures/conv_filters_layer_0_config_5.png>]
<../figures/conv_filters_layer_1_config_5.png, id=364, 1068.6324pt x 1065.9825pt>
File: ../figures/conv_filters_layer_1_config_5.png Graphic file (type png)
<use ../figures/conv_filters_layer_1_config_5.png>
Package pdftex.def Info: ../figures/conv_filters_layer_1_config_5.png  used on input line 416.
(pdftex.def)             Requested size: 500.77129pt x 499.53168pt.

Overfull \hbox (45.52718pt too wide) in paragraph at lines 416--417
 [][] 
 []



[18

 <../figures/conv_filters_layer_1_config_5.png>]
<../figures/custom_images_predictions_config_5.png, id=371, 1058.5146pt x 740.7675pt>
File: ../figures/custom_images_predictions_config_5.png Graphic file (type png)
<use ../figures/custom_images_predictions_config_5.png>
Package pdftex.def Info: ../figures/custom_images_predictions_config_5.png  used on input line 429.
(pdftex.def)             Requested size: 478.00769pt x 334.51782pt.

Overfull \hbox (22.76358pt too wide) in paragraph at lines 429--430
 [][] 
 []



[19

 <../figures/custom_images_predictions_config_5.png>]
<../figures/bonus_prediction_15min.png, id=380, 1076.3412pt x 350.7504pt>
File: ../figures/bonus_prediction_15min.png Graphic file (type png)
<use ../figures/bonus_prediction_15min.png>
Package pdftex.def Info: ../figures/bonus_prediction_15min.png  used on input line 477.
(pdftex.def)             Requested size: 478.00769pt x 155.77034pt.

Overfull \hbox (22.76358pt too wide) in paragraph at lines 477--478
 [][] 
 []



[20

 <../figures/bonus_prediction_15min.png>]

[21

]
<../figures/clusters_2d.png, id=393, 1140.4206pt x 424.4658pt>
File: ../figures/clusters_2d.png Graphic file (type png)
<use ../figures/clusters_2d.png>
Package pdftex.def Info: ../figures/clusters_2d.png  used on input line 533.
(pdftex.def)             Requested size: 432.48051pt x 160.96835pt.
<../figures/average_cluster_images.png, id=394, 1142.3478pt x 573.342pt>
File: ../figures/average_cluster_images.png Graphic file (type png)
<use ../figures/average_cluster_images.png>
Package pdftex.def Info: ../figures/average_cluster_images.png  used on input line 542.
(pdftex.def)             Requested size: 432.48051pt x 217.05861pt.


[22

 <../figures/clusters_2d.png> <../figures/average_cluster_images.png>]
<../figures/cluster_irradiance_distribution.png, id=403, 1148.6112pt x 352.1958pt>
File: ../figures/cluster_irradiance_distribution.png Graphic file (type png)
<use ../figures/cluster_irradiance_distribution.png>
Package pdftex.def Info: ../figures/cluster_irradiance_distribution.png  used on input line 553.
(pdftex.def)             Requested size: 432.48051pt x 132.6105pt.


[23

 <../figures/cluster_irradiance_distribution.png>]

[24

]
<../figures/transfer_learning_residuals.png, id=415, 1002.144pt x 714.5094pt>
File: ../figures/transfer_learning_residuals.png Graphic file (type png)
<use ../figures/transfer_learning_residuals.png>
Package pdftex.def Info: ../figures/transfer_learning_residuals.png  used on input line 630.
(pdftex.def)             Requested size: 432.48051pt x 308.34511pt.


[25

 <../figures/transfer_learning_residuals.png>]
<../figures/transfer_learning_predictions.png, id=424, 1004.553pt x 425.1885pt>
File: ../figures/transfer_learning_predictions.png Graphic file (type png)
<use ../figures/transfer_learning_predictions.png>
Package pdftex.def Info: ../figures/transfer_learning_predictions.png  used on input line 639.
(pdftex.def)             Requested size: 432.48051pt x 183.05457pt.
<../figures/worst_predictions.png, id=425, 1391.4384pt x 569.9694pt>
File: ../figures/worst_predictions.png Graphic file (type png)
<use ../figures/worst_predictions.png>
Package pdftex.def Info: ../figures/worst_predictions.png  used on input line 648.
(pdftex.def)             Requested size: 432.48051pt x 177.15833pt.


[26

 <../figures/transfer_learning_predictions.png> <../figures/worst_predictions.png>]
<../figures/bonus_fusion_comparison.png, id=434, 1076.3412pt x 712.1004pt>
File: ../figures/bonus_fusion_comparison.png Graphic file (type png)
<use ../figures/bonus_fusion_comparison.png>
Package pdftex.def Info: ../figures/bonus_fusion_comparison.png  used on input line 682.
(pdftex.def)             Requested size: 432.48051pt x 286.12814pt.


[27

 <../figures/bonus_fusion_comparison.png>]
<../figures/bonus_fusion_metrics.png, id=442, 859.5312pt x 352.6776pt>
File: ../figures/bonus_fusion_metrics.png Graphic file (type png)
<use ../figures/bonus_fusion_metrics.png>
Package pdftex.def Info: ../figures/bonus_fusion_metrics.png  used on input line 691.
(pdftex.def)             Requested size: 386.96027pt x 158.77878pt.
<../figures/bonus_fusion_feature_importance.png, id=443, 859.5312pt x 567.5604pt>
File: ../figures/bonus_fusion_feature_importance.png Graphic file (type png)
<use ../figures/bonus_fusion_feature_importance.png>
Package pdftex.def Info: ../figures/bonus_fusion_feature_importance.png  used on input line 698.
(pdftex.def)             Requested size: 432.48051pt x 285.58083pt.


[28

 <../figures/bonus_fusion_metrics.png> <../figures/bonus_fusion_feature_importance.png>]

[29

]
Overfull \hbox (44.31601pt too wide) in paragraph at lines 773--775
[]$\T1/cmtt/m/n/12 https : / / scikit -[] learn . org / stable / modules / ensemble . html#stacked -[] generalization$[] 
 []



[30

] (./results.aux)
 ***********
LaTeX2e <2025-06-01> patch level 1
L3 programming layer <2025-09-02>
 ***********
Package rerunfilecheck Info: File `results.out' has not changed.
(rerunfilecheck)             Checksum: 2AC0307163515AD9FB4E2C03FC363BD4;9289.
 ) 
Here is how much of TeX's memory you used:
 16938 strings out of 467748
 285395 string characters out of 5431137
 747547 words of memory out of 5000000
 45254 multiletter control sequences out of 15000+600000
 643233 words of font info for 77 fonts, out of 8000000 for 9000
 1141 hyphenation exceptions out of 8191
 94i,8n,93p,361b,613s stack positions out of 10000i,1000n,20000p,200000b,200000s
<c:/texlive/2025/texmf-dist/fonts/type1/public/cm-super/sfbx1095.pfb><c:/texlive/2025/texmf-dist/fonts/type1/public/cm-super/sfbx1200.pfb><c:/texlive/2025/texmf-dist/fonts/type1/public/cm-super/sfbx1440.pfb><c:/texlive/2025/texmf-dist/fonts/type1/public/cm-super/sfbx1728.pfb><c:/texlive/2025/texmf-dist/fonts/type1/public/cm-super/sfrm1095.pfb><c:/texlive/2025/texmf-dist/fonts/type1/public/cm-super/sfrm1200.pfb><c:/texlive/2025/texmf-dist/fonts/type1/public/cm-super/sfrm1440.pfb><c:/texlive/2025/texmf-dist/fonts/type1/public/cm-super/sfrm2074.pfb><c:/texlive/2025/texmf-dist/fonts/type1/public/cm-super/sfti1200.pfb><c:/texlive/2025/texmf-dist/fonts/type1/public/cm-super/sftt1200.pfb>
Output written on results.pdf (30 pages, 14456975 bytes).
PDF statistics:
 559 PDF objects out of 1000 (max. 8388607)
 451 compressed objects within 5 object streams
 127 named destinations out of 1000 (max. 500000)
 493 words of extra memory for PDF output out of 10000 (max. 10000000)

